[DATA_POINT]
1="HTTP_500"
2="HTTP_200"
3="tcp_connection_count"
4="tcp_connect"
5="tcp_shutdown"
6="mic_recv"
7="RETRY_KEEP_ALIVE"
[END_TRANSACTION]
1="vuser_init_Transaction"
2="http://127.0.0.1:1080/WebTours/index.htm"
3="http://127.0.0.1:1080/WebTours/header.html"
4="http://127.0.0.1:1080/WebTours/images/hp_logo.png"
5="http://127.0.0.1:1080/cgi-bin/welcome.pl?signOff=true"
6="http://127.0.0.1:1080/WebTours/home.html"
7="http://127.0.0.1:1080/WebTours/images/webtours.png"
8="http://127.0.0.1:1080/cgi-bin/nav.pl?in=home"
9="http://127.0.0.1:1080/WebTours/images/mer_login.gif"
10="index.htm_Action_4"
11="http://pki.goog/repo/certs/gts1c3.der"
12="http://pki.goog/repo/certs/gtsr1.der"
13="welcome.pl_Action_30"
14="Action_Transaction"
15="http://127.0.0.1:1080/cgi-bin/login.pl"
16="http://127.0.0.1:1080/cgi-bin/nav.pl?page=menu&in=home"
17="http://127.0.0.1:1080/WebTours/images/flights.gif"
18="http://127.0.0.1:1080/WebTours/images/itinerary.gif"
19="http://127.0.0.1:1080/WebTours/images/in_home.gif"
20="http://127.0.0.1:1080/WebTours/images/signoff.gif"
21="http://127.0.0.1:1080/cgi-bin/login.pl?intro=true"
22="login.pl_Action_46"
23="http://127.0.0.1:1080/cgi-bin/welcome.pl?page=search"
24="http://127.0.0.1:1080/WebTours/images/home.gif"
25="http://127.0.0.1:1080/WebTours/images/in_flights.gif"
26="http://127.0.0.1:1080/cgi-bin/nav.pl?page=menu&in=flights"
27="http://127.0.0.1:1080/cgi-bin/reservations.pl?page=welcome"
28="http://127.0.0.1:1080/WebTours/images/button_next.gif"
29="Search_Flights_Button_Action_62"
30="http://127.0.0.1:1080/cgi-bin/welcome.pl?page=itinerary"
31="http://127.0.0.1:1080/cgi-bin/itinerary.pl"
32="http://127.0.0.1:1080/WebTours/images/in_itinerary.gif"
33="http://127.0.0.1:1080/cgi-bin/nav.pl?page=menu&in=itinerary"
34="Itinerary_Button_Action_67"
35="http://127.0.0.1:1080/cgi-bin/welcome.pl?page=menus"
36="Home_Button_Action_73"
37="http://127.0.0.1:1080/cgi-bin/welcome.pl?signOff=1"
38="SignOff_Button_Action_79"
39="vuser_end_Transaction"
